// Jest Snapshot v1, https://goo.gl/fbAQLP

exports[`Puebas en < GifItem /> Debe de hacer match con el snapshot 1`] = `
<div>
  <div
    class="card"
  >
    <img
      alt="Kaladin"
      src="https://www.brandonsanderson.com/the-stormlight-archive-series/#THEWAYOFKINGS"
    />
    <p>
      Kaladin
    </p>
  </div>
</div>
`;
